Microsemi Libero Software
Version: 11.8.0.26
Release: v11.8

Info: The design CU_TOP.adb was last modified by software version 11.8.0.26.
Opened an existing Libero design CU_TOP.adb.
'BA_NAME' set to 'CU_TOP_ba'
'IDE_DESIGNERVIEW_NAME' set to 'Impl1'
'IDE_DESIGNERVIEW_COUNT' set to '1'
'IDE_DESIGNERVIEW_REV0' set to 'Impl1'
'IDE_DESIGNERVIEW_REVNUM0' set to '1'
'IDE_DESIGNERVIEW_ROOTDIR' set to 'C:\Users\rozen\Gitrepos\CU_Droptest\designer'
'IDE_DESIGNERVIEW_LASTREV' set to '1'
***** Layout Variables *********************************************

Mode: TIMING_DRIVEN
Power-driven Layout: OFF
Incremental Placement: OFF
Incremental Route: OFF



Running I/O Bank Assigner.

I/O Bank Assigner completed successfully.
 

Planning global net placement...


Global net placement completed successfully.

                        o - o - o - o - o - o

Timing-driven Placer Started: Thu Jun 22 17:23:31 2017

Placer Finished: Thu Jun 22 17:23:34 2017
Total Placer CPU Time:     00:00:03

                        o - o - o - o - o - o


Timing-driven Router 
Design: CU_TOP                          Started: Thu Jun 22 17:23:35 2017

 
Iterative improvement...

Timing-driven Router completed successfully.

Design: CU_TOP                          
Finished: Thu Jun 22 17:23:40 2017
Total CPU Time:     00:00:04            Total Elapsed Time: 00:00:05
Total Memory Usage: 169.6 Mbytes
                        o - o - o - o - o - o

Loading the Timing data for the design.
Finished loading the Timing data.
TIMER: Max delay timing requirements have NOT been met.
TIMER: Min delay timing requirements have been met.

The Layout command succeeded ( 00:00:12 )
Wrote status report to file: CU_TOP_place_and_route_report.txt

The Report command succeeded ( 00:00:00 )
Wrote globalnet report to file: CU_TOP_globalnet_report.txt

The Report command succeeded ( 00:00:00 )
Wrote globalusage report to file: CU_TOP_globalusage_report.txt

The Report command succeeded ( 00:00:00 )
Wrote iobank report to file: CU_TOP_iobank_report.txt

The Report command succeeded ( 00:00:00 )
Wrote pin report to file: CU_TOP_report_pin_byname.txt

The Report command succeeded ( 00:00:01 )
Wrote pin report to file: CU_TOP_report_pin_bynumber.txt

The Report command succeeded ( 00:00:01 )
Design saved to file C:\Users\rozen\Gitrepos\CU_Droptest\designer\impl1\CU_TOP.adb.

The Execute Script command succeeded ( 00:00:15 )
Design closed.

